2026-07-19T11:33:56.6NZ mysqld_safe Logging to '/opt/homebrew/var/mysql/MacBook-Pro-Abdlh.local.err'.
2026-07-19T11:33:56.6NZ mysqld_safe Starting mysqld daemon with databases from /opt/homebrew/var/mysql
2026-07-19T11:33:56.720797Z 0 [System] [MY-015015] [Server] MySQL Server - start.
2026-07-19T11:33:56.925668Z 0 [System] [MY-010116] [Server] /opt/homebrew/opt/mysql/bin/mysqld (mysqld 9.7.1) starting as process 88778
2026-07-19T11:33:56.925964Z 0 [System] [MY-015603] [Server] MySQL Server has access to 8 logical CPUs.
2026-07-19T11:33:56.925971Z 0 [System] [MY-015603] [Server] MySQL Server has access to 8589934592 bytes of physical memory.
2026-07-19T11:33:56.935140Z 0 [Warning] [MY-010159] [Server] Setting lower_case_table_names=2 because file system for /opt/homebrew/var/mysql/ is case insensitive
2026-07-19T11:33:57.365564Z 1 [System] [MY-013576] [InnoDB] InnoDB initialization has started.
2026-07-19T11:33:57.548881Z 1 [System] [MY-013577] [InnoDB] InnoDB initialization has ended.
2026-07-19T11:33:57.794370Z 0 [Warning] [MY-010068] [Server] CA certificate ca.pem is self signed.
2026-07-19T11:33:57.794405Z 0 [System] [MY-013602] [Server] Channel mysql_main configured to support TLS. Encrypted connections are now supported for this channel.
2026-07-19T11:33:57.795984Z 0 [ERROR] [MY-010262] [Server] Can't start server: Bind on TCP/IP port: Address already in use
2026-07-19T11:33:57.795999Z 0 [ERROR] [MY-010257] [Server] Do you already have another mysqld server running on port: 3306 ?
2026-07-19T11:33:57.796026Z 0 [ERROR] [MY-010119] [Server] Aborting
2026-07-19T11:33:58.864360Z 0 [System] [MY-010910] [Server] /opt/homebrew/opt/mysql/bin/mysqld: Shutdown complete (mysqld 9.7.1)  Homebrew.
2026-07-19T11:33:58.864408Z 0 [System] [MY-015016] [Server] MySQL Server - end.
2026-07-19T11:33:58.6NZ mysqld_safe mysqld from pid file /opt/homebrew/var/mysql/MacBook-Pro-Abdlh.local.pid ended
2026-07-19T11:34:06.6NZ mysqld_safe Logging to '/opt/homebrew/var/mysql/MacBook-Pro-Abdlh.local.err'.
2026-07-19T11:34:06.6NZ mysqld_safe Starting mysqld daemon with databases from /opt/homebrew/var/mysql
2026-07-19T11:34:06.120701Z 0 [System] [MY-015015] [Server] MySQL Server - start.
2026-07-19T11:34:06.269717Z 0 [System] [MY-010116] [Server] /opt/homebrew/opt/mysql/bin/mysqld (mysqld 9.7.1) starting as process 88973
2026-07-19T11:34:06.269725Z 0 [System] [MY-015603] [Server] MySQL Server has access to 8 logical CPUs.
2026-07-19T11:34:06.269730Z 0 [System] [MY-015603] [Server] MySQL Server has access to 8589934592 bytes of physical memory.
2026-07-19T11:34:06.272505Z 0 [Warning] [MY-010159] [Server] Setting lower_case_table_names=2 because file system for /opt/homebrew/var/mysql/ is case insensitive
2026-07-19T11:34:06.280355Z 1 [System] [MY-013576] [InnoDB] InnoDB initialization has started.
2026-07-19T11:34:06.363813Z 1 [System] [MY-013577] [InnoDB] InnoDB initialization has ended.
2026-07-19T11:34:06.578539Z 0 [Warning] [MY-010068] [Server] CA certificate ca.pem is self signed.
2026-07-19T11:34:06.578571Z 0 [System] [MY-013602] [Server] Channel mysql_main configured to support TLS. Encrypted connections are now supported for this channel.
2026-07-19T11:34:06.579907Z 0 [ERROR] [MY-010262] [Server] Can't start server: Bind on TCP/IP port: Address already in use
2026-07-19T11:34:06.579922Z 0 [ERROR] [MY-010257] [Server] Do you already have another mysqld server running on port: 3306 ?
2026-07-19T11:34:06.579945Z 0 [ERROR] [MY-010119] [Server] Aborting
2026-07-19T11:34:07.718960Z 0 [System] [MY-010910] [Server] /opt/homebrew/opt/mysql/bin/mysqld: Shutdown complete (mysqld 9.7.1)  Homebrew.
2026-07-19T11:34:07.719015Z 0 [System] [MY-015016] [Server] MySQL Server - end.
2026-07-19T11:34:07.6NZ mysqld_safe mysqld from pid file /opt/homebrew/var/mysql/MacBook-Pro-Abdlh.local.pid ended
2026-07-19T11:34:16.6NZ mysqld_safe Logging to '/opt/homebrew/var/mysql/MacBook-Pro-Abdlh.local.err'.
2026-07-19T11:34:16.6NZ mysqld_safe Starting mysqld daemon with databases from /opt/homebrew/var/mysql
2026-07-19T11:34:16.959487Z 0 [System] [MY-015015] [Server] MySQL Server - start.
2026-07-19T11:34:17.166250Z 0 [System] [MY-010116] [Server] /opt/homebrew/opt/mysql/bin/mysqld (mysqld 9.7.1) starting as process 89238
2026-07-19T11:34:17.166258Z 0 [System] [MY-015603] [Server] MySQL Server has access to 8 logical CPUs.
2026-07-19T11:34:17.166265Z 0 [System] [MY-015603] [Server] MySQL Server has access to 8589934592 bytes of physical memory.
2026-07-19T11:34:17.169564Z 0 [Warning] [MY-010159] [Server] Setting lower_case_table_names=2 because file system for /opt/homebrew/var/mysql/ is case insensitive
2026-07-19T11:34:17.178431Z 1 [System] [MY-013576] [InnoDB] InnoDB initialization has started.
2026-07-19T11:34:17.284207Z 1 [System] [MY-013577] [InnoDB] InnoDB initialization has ended.
2026-07-19T11:34:17.516497Z 0 [Warning] [MY-010068] [Server] CA certificate ca.pem is self signed.
2026-07-19T11:34:17.516529Z 0 [System] [MY-013602] [Server] Channel mysql_main configured to support TLS. Encrypted connections are now supported for this channel.
2026-07-19T11:34:17.518109Z 0 [ERROR] [MY-010262] [Server] Can't start server: Bind on TCP/IP port: Address already in use
2026-07-19T11:34:17.518122Z 0 [ERROR] [MY-010257] [Server] Do you already have another mysqld server running on port: 3306 ?
2026-07-19T11:34:17.518148Z 0 [ERROR] [MY-010119] [Server] Aborting
2026-07-19T11:34:18.592691Z 0 [System] [MY-010910] [Server] /opt/homebrew/opt/mysql/bin/mysqld: Shutdown complete (mysqld 9.7.1)  Homebrew.
2026-07-19T11:34:18.592750Z 0 [System] [MY-015016] [Server] MySQL Server - end.
2026-07-19T11:34:18.6NZ mysqld_safe mysqld from pid file /opt/homebrew/var/mysql/MacBook-Pro-Abdlh.local.pid ended
2026-07-19T11:34:27.6NZ mysqld_safe Logging to '/opt/homebrew/var/mysql/MacBook-Pro-Abdlh.local.err'.
2026-07-19T11:34:27.6NZ mysqld_safe Starting mysqld daemon with databases from /opt/homebrew/var/mysql
2026-07-19T11:34:27.840391Z 0 [System] [MY-015015] [Server] MySQL Server - start.
2026-07-19T11:34:28.053787Z 0 [System] [MY-010116] [Server] /opt/homebrew/opt/mysql/bin/mysqld (mysqld 9.7.1) starting as process 89822
2026-07-19T11:34:28.053796Z 0 [System] [MY-015603] [Server] MySQL Server has access to 8 logical CPUs.
2026-07-19T11:34:28.053802Z 0 [System] [MY-015603] [Server] MySQL Server has access to 8589934592 bytes of physical memory.
2026-07-19T11:34:28.056659Z 0 [Warning] [MY-010159] [Server] Setting lower_case_table_names=2 because file system for /opt/homebrew/var/mysql/ is case insensitive
2026-07-19T11:34:28.064555Z 1 [System] [MY-013576] [InnoDB] InnoDB initialization has started.
2026-07-19T11:34:28.158806Z 1 [System] [MY-013577] [InnoDB] InnoDB initialization has ended.
2026-07-19T11:34:28.309665Z 0 [Warning] [MY-010068] [Server] CA certificate ca.pem is self signed.
2026-07-19T11:34:28.309700Z 0 [System] [MY-013602] [Server] Channel mysql_main configured to support TLS. Encrypted connections are now supported for this channel.
2026-07-19T11:34:28.311752Z 0 [ERROR] [MY-010262] [Server] Can't start server: Bind on TCP/IP port: Address already in use
2026-07-19T11:34:28.311765Z 0 [ERROR] [MY-010257] [Server] Do you already have another mysqld server running on port: 3306 ?
2026-07-19T11:34:28.311779Z 0 [ERROR] [MY-010119] [Server] Aborting
2026-07-19T11:34:29.385742Z 0 [System] [MY-010910] [Server] /opt/homebrew/opt/mysql/bin/mysqld: Shutdown complete (mysqld 9.7.1)  Homebrew.
2026-07-19T11:34:29.385830Z 0 [System] [MY-015016] [Server] MySQL Server - end.
2026-07-19T11:34:29.6NZ mysqld_safe mysqld from pid file /opt/homebrew/var/mysql/MacBook-Pro-Abdlh.local.pid ended
2026-07-19T11:34:38.6NZ mysqld_safe Logging to '/opt/homebrew/var/mysql/MacBook-Pro-Abdlh.local.err'.
2026-07-19T11:34:38.6NZ mysqld_safe Starting mysqld daemon with databases from /opt/homebrew/var/mysql
2026-07-19T11:34:38.623093Z 0 [System] [MY-015015] [Server] MySQL Server - start.
2026-07-19T11:34:38.802087Z 0 [System] [MY-010116] [Server] /opt/homebrew/opt/mysql/bin/mysqld (mysqld 9.7.1) starting as process 90122
2026-07-19T11:34:38.802101Z 0 [System] [MY-015603] [Server] MySQL Server has access to 8 logical CPUs.
2026-07-19T11:34:38.802109Z 0 [System] [MY-015603] [Server] MySQL Server has access to 8589934592 bytes of physical memory.
2026-07-19T11:34:38.806139Z 0 [Warning] [MY-010159] [Server] Setting lower_case_table_names=2 because file system for /opt/homebrew/var/mysql/ is case insensitive
2026-07-19T11:34:38.814425Z 1 [System] [MY-013576] [InnoDB] InnoDB initialization has started.
2026-07-19T11:34:38.894528Z 1 [System] [MY-013577] [InnoDB] InnoDB initialization has ended.
2026-07-19T11:34:39.093595Z 0 [Warning] [MY-010068] [Server] CA certificate ca.pem is self signed.
2026-07-19T11:34:39.093624Z 0 [System] [MY-013602] [Server] Channel mysql_main configured to support TLS. Encrypted connections are now supported for this channel.
2026-07-19T11:34:39.094828Z 0 [ERROR] [MY-010262] [Server] Can't start server: Bind on TCP/IP port: Address already in use
2026-07-19T11:34:39.094841Z 0 [ERROR] [MY-010257] [Server] Do you already have another mysqld server running on port: 3306 ?
2026-07-19T11:34:39.094867Z 0 [ERROR] [MY-010119] [Server] Aborting
2026-07-19T11:34:40.187428Z 0 [System] [MY-010910] [Server] /opt/homebrew/opt/mysql/bin/mysqld: Shutdown complete (mysqld 9.7.1)  Homebrew.
2026-07-19T11:34:40.187501Z 0 [System] [MY-015016] [Server] MySQL Server - end.
2026-07-19T11:34:40.6NZ mysqld_safe mysqld from pid file /opt/homebrew/var/mysql/MacBook-Pro-Abdlh.local.pid ended
2026-07-19T11:34:49.6NZ mysqld_safe Logging to '/opt/homebrew/var/mysql/MacBook-Pro-Abdlh.local.err'.
2026-07-19T11:34:49.6NZ mysqld_safe Starting mysqld daemon with databases from /opt/homebrew/var/mysql
2026-07-19T11:34:49.433974Z 0 [System] [MY-015015] [Server] MySQL Server - start.
2026-07-19T11:34:49.639448Z 0 [System] [MY-010116] [Server] /opt/homebrew/opt/mysql/bin/mysqld (mysqld 9.7.1) starting as process 90389
2026-07-19T11:34:49.639459Z 0 [System] [MY-015603] [Server] MySQL Server has access to 8 logical CPUs.
2026-07-19T11:34:49.639466Z 0 [System] [MY-015603] [Server] MySQL Server has access to 8589934592 bytes of physical memory.
2026-07-19T11:34:49.642747Z 0 [Warning] [MY-010159] [Server] Setting lower_case_table_names=2 because file system for /opt/homebrew/var/mysql/ is case insensitive
2026-07-19T11:34:49.651776Z 1 [System] [MY-013576] [InnoDB] InnoDB initialization has started.
2026-07-19T11:34:49.814272Z 1 [System] [MY-013577] [InnoDB] InnoDB initialization has ended.
2026-07-19T11:34:49.973508Z 0 [Warning] [MY-010068] [Server] CA certificate ca.pem is self signed.
2026-07-19T11:34:49.973533Z 0 [System] [MY-013602] [Server] Channel mysql_main configured to support TLS. Encrypted connections are now supported for this channel.
2026-07-19T11:34:49.974227Z 0 [ERROR] [MY-010262] [Server] Can't start server: Bind on TCP/IP port: Address already in use
2026-07-19T11:34:49.974239Z 0 [ERROR] [MY-010257] [Server] Do you already have another mysqld server running on port: 3306 ?
2026-07-19T11:34:49.974255Z 0 [ERROR] [MY-010119] [Server] Aborting
2026-07-19T11:34:51.121406Z 0 [System] [MY-010910] [Server] /opt/homebrew/opt/mysql/bin/mysqld: Shutdown complete (mysqld 9.7.1)  Homebrew.
2026-07-19T11:34:51.121479Z 0 [System] [MY-015016] [Server] MySQL Server - end.
2026-07-19T11:34:51.6NZ mysqld_safe mysqld from pid file /opt/homebrew/var/mysql/MacBook-Pro-Abdlh.local.pid ended
2026-07-25T10:29:23.6NZ mysqld_safe Logging to '/opt/homebrew/var/mysql/MacBook-Pro-Abdlh.local.err'.
2026-07-25T10:29:23.6NZ mysqld_safe Starting mysqld daemon with databases from /opt/homebrew/var/mysql
2026-07-25T10:29:25.499201Z 0 [System] [MY-015015] [Server] MySQL Server - start.
2026-07-25T10:29:25.793736Z 0 [System] [MY-010116] [Server] /opt/homebrew/opt/mysql/bin/mysqld (mysqld 9.7.1) starting as process 89914
2026-07-25T10:29:25.793773Z 0 [System] [MY-015603] [Server] MySQL Server has access to 8 logical CPUs.
2026-07-25T10:29:25.793781Z 0 [System] [MY-015603] [Server] MySQL Server has access to 8589934592 bytes of physical memory.
2026-07-25T10:29:25.800212Z 0 [Warning] [MY-010159] [Server] Setting lower_case_table_names=2 because file system for /opt/homebrew/var/mysql/ is case insensitive
2026-07-25T10:29:25.834594Z 1 [System] [MY-013576] [InnoDB] InnoDB initialization has started.
2026-07-25T10:29:26.083043Z 1 [System] [MY-013577] [InnoDB] InnoDB initialization has ended.
2026-07-25T10:29:26.328733Z 0 [Warning] [MY-010068] [Server] CA certificate ca.pem is self signed.
2026-07-25T10:29:26.328777Z 0 [System] [MY-013602] [Server] Channel mysql_main configured to support TLS. Encrypted connections are now supported for this channel.
2026-07-25T10:29:26.330784Z 0 [ERROR] [MY-010262] [Server] Can't start server: Bind on TCP/IP port: Address already in use
2026-07-25T10:29:26.330802Z 0 [ERROR] [MY-010257] [Server] Do you already have another mysqld server running on port: 3306 ?
2026-07-25T10:29:26.330829Z 0 [ERROR] [MY-010119] [Server] Aborting
2026-07-25T10:29:27.542600Z 0 [System] [MY-010910] [Server] /opt/homebrew/opt/mysql/bin/mysqld: Shutdown complete (mysqld 9.7.1)  Homebrew.
2026-07-25T10:29:27.542662Z 0 [System] [MY-015016] [Server] MySQL Server - end.
2026-07-25T10:29:27.6NZ mysqld_safe mysqld from pid file /opt/homebrew/var/mysql/MacBook-Pro-Abdlh.local.pid ended
2026-07-25T10:29:32.6NZ mysqld_safe Logging to '/opt/homebrew/var/mysql/MacBook-Pro-Abdlh.local.err'.
2026-07-25T10:29:32.6NZ mysqld_safe Starting mysqld daemon with databases from /opt/homebrew/var/mysql
2026-07-25T10:29:33.028797Z 0 [System] [MY-015015] [Server] MySQL Server - start.
2026-07-25T10:29:33.711690Z 0 [System] [MY-010116] [Server] /opt/homebrew/opt/mysql/bin/mysqld (mysqld 9.7.1) starting as process 90146
2026-07-25T10:29:33.711720Z 0 [System] [MY-015603] [Server] MySQL Server has access to 8 logical CPUs.
2026-07-25T10:29:33.711744Z 0 [System] [MY-015603] [Server] MySQL Server has access to 8589934592 bytes of physical memory.
2026-07-25T10:29:33.721256Z 0 [Warning] [MY-010159] [Server] Setting lower_case_table_names=2 because file system for /opt/homebrew/var/mysql/ is case insensitive
2026-07-25T10:29:33.771115Z 1 [System] [MY-013576] [InnoDB] InnoDB initialization has started.
2026-07-25T10:29:33.963555Z 1 [System] [MY-013577] [InnoDB] InnoDB initialization has ended.
2026-07-25T10:29:35.278571Z 0 [Warning] [MY-010068] [Server] CA certificate ca.pem is self signed.
2026-07-25T10:29:35.278757Z 0 [System] [MY-013602] [Server] Channel mysql_main configured to support TLS. Encrypted connections are now supported for this channel.
2026-07-25T10:29:35.280829Z 0 [ERROR] [MY-010262] [Server] Can't start server: Bind on TCP/IP port: Address already in use
2026-07-25T10:29:35.280871Z 0 [ERROR] [MY-010257] [Server] Do you already have another mysqld server running on port: 3306 ?
2026-07-25T10:29:35.280918Z 0 [ERROR] [MY-010119] [Server] Aborting
2026-07-25T10:29:37.397645Z 0 [System] [MY-010910] [Server] /opt/homebrew/opt/mysql/bin/mysqld: Shutdown complete (mysqld 9.7.1)  Homebrew.
2026-07-25T10:29:37.397677Z 0 [System] [MY-015016] [Server] MySQL Server - end.
2026-07-25T10:29:37.6NZ mysqld_safe mysqld from pid file /opt/homebrew/var/mysql/MacBook-Pro-Abdlh.local.pid ended
2026-07-25T10:29:43.6NZ mysqld_safe Logging to '/opt/homebrew/var/mysql/MacBook-Pro-Abdlh.local.err'.
2026-07-25T10:29:43.6NZ mysqld_safe Starting mysqld daemon with databases from /opt/homebrew/var/mysql
2026-07-25T10:29:44.005740Z 0 [System] [MY-015015] [Server] MySQL Server - start.
2026-07-25T10:29:44.226998Z 0 [System] [MY-010116] [Server] /opt/homebrew/opt/mysql/bin/mysqld (mysqld 9.7.1) starting as process 90416
2026-07-25T10:29:44.227187Z 0 [System] [MY-015603] [Server] MySQL Server has access to 8 logical CPUs.
2026-07-25T10:29:44.227194Z 0 [System] [MY-015603] [Server] MySQL Server has access to 8589934592 bytes of physical memory.
2026-07-25T10:29:44.237222Z 0 [Warning] [MY-010159] [Server] Setting lower_case_table_names=2 because file system for /opt/homebrew/var/mysql/ is case insensitive
2026-07-25T10:29:44.300581Z 1 [System] [MY-013576] [InnoDB] InnoDB initialization has started.
2026-07-25T10:29:44.534087Z 1 [System] [MY-013577] [InnoDB] InnoDB initialization has ended.
2026-07-25T10:29:44.926823Z 0 [Warning] [MY-010068] [Server] CA certificate ca.pem is self signed.
2026-07-25T10:29:44.926927Z 0 [System] [MY-013602] [Server] Channel mysql_main configured to support TLS. Encrypted connections are now supported for this channel.
2026-07-25T10:29:44.930506Z 0 [ERROR] [MY-010262] [Server] Can't start server: Bind on TCP/IP port: Address already in use
2026-07-25T10:29:44.930537Z 0 [ERROR] [MY-010257] [Server] Do you already have another mysqld server running on port: 3306 ?
2026-07-25T10:29:44.930975Z 0 [ERROR] [MY-010119] [Server] Aborting
2026-07-25T10:29:46.091711Z 0 [System] [MY-010910] [Server] /opt/homebrew/opt/mysql/bin/mysqld: Shutdown complete (mysqld 9.7.1)  Homebrew.
2026-07-25T10:29:46.091891Z 0 [System] [MY-015016] [Server] MySQL Server - end.
2026-07-25T10:29:46.6NZ mysqld_safe mysqld from pid file /opt/homebrew/var/mysql/MacBook-Pro-Abdlh.local.pid ended
2026-07-25T10:29:55.6NZ mysqld_safe Logging to '/opt/homebrew/var/mysql/MacBook-Pro-Abdlh.local.err'.
2026-07-25T10:29:55.6NZ mysqld_safe Starting mysqld daemon with databases from /opt/homebrew/var/mysql
2026-07-25T10:29:55.773328Z 0 [System] [MY-015015] [Server] MySQL Server - start.
2026-07-25T10:29:56.205683Z 0 [System] [MY-010116] [Server] /opt/homebrew/opt/mysql/bin/mysqld (mysqld 9.7.1) starting as process 90696
2026-07-25T10:29:56.205777Z 0 [System] [MY-015603] [Server] MySQL Server has access to 8 logical CPUs.
2026-07-25T10:29:56.205812Z 0 [System] [MY-015603] [Server] MySQL Server has access to 8589934592 bytes of physical memory.
2026-07-25T10:29:56.352396Z 0 [Warning] [MY-010159] [Server] Setting lower_case_table_names=2 because file system for /opt/homebrew/var/mysql/ is case insensitive
2026-07-25T10:29:56.575540Z 1 [System] [MY-013576] [InnoDB] InnoDB initialization has started.
2026-07-25T10:29:57.830436Z 1 [System] [MY-013577] [InnoDB] InnoDB initialization has ended.
2026-07-25T10:29:58.580069Z 0 [Warning] [MY-010068] [Server] CA certificate ca.pem is self signed.
2026-07-25T10:29:58.580167Z 0 [System] [MY-013602] [Server] Channel mysql_main configured to support TLS. Encrypted connections are now supported for this channel.
2026-07-25T10:29:58.582186Z 0 [ERROR] [MY-010262] [Server] Can't start server: Bind on TCP/IP port: Address already in use
2026-07-25T10:29:58.582224Z 0 [ERROR] [MY-010257] [Server] Do you already have another mysqld server running on port: 3306 ?
2026-07-25T10:29:58.582275Z 0 [ERROR] [MY-010119] [Server] Aborting
2026-07-25T10:29:59.825477Z 0 [System] [MY-010910] [Server] /opt/homebrew/opt/mysql/bin/mysqld: Shutdown complete (mysqld 9.7.1)  Homebrew.
2026-07-25T10:29:59.825553Z 0 [System] [MY-015016] [Server] MySQL Server - end.
2026-07-25T10:29:59.6NZ mysqld_safe mysqld from pid file /opt/homebrew/var/mysql/MacBook-Pro-Abdlh.local.pid ended
2026-07-25T22:25:27.6NZ mysqld_safe Logging to '/opt/homebrew/var/mysql/MacBook-Pro-Abdlh.local.err'.
2026-07-25T22:25:27.6NZ mysqld_safe Starting mysqld daemon with databases from /opt/homebrew/var/mysql
2026-07-25T22:25:28.477558Z 0 [System] [MY-015015] [Server] MySQL Server - start.
2026-07-25T22:25:28.706472Z 0 [System] [MY-010116] [Server] /opt/homebrew/opt/mysql/bin/mysqld (mysqld 9.7.1) starting as process 10845
2026-07-25T22:25:28.706821Z 0 [System] [MY-015603] [Server] MySQL Server has access to 8 logical CPUs.
2026-07-25T22:25:28.706829Z 0 [System] [MY-015603] [Server] MySQL Server has access to 8589934592 bytes of physical memory.
2026-07-25T22:25:28.716278Z 0 [Warning] [MY-010159] [Server] Setting lower_case_table_names=2 because file system for /opt/homebrew/var/mysql/ is case insensitive
2026-07-25T22:25:28.749444Z 1 [System] [MY-013576] [InnoDB] InnoDB initialization has started.
2026-07-25T22:25:28.899865Z 1 [System] [MY-013577] [InnoDB] InnoDB initialization has ended.
2026-07-25T22:25:29.172446Z 0 [Warning] [MY-010068] [Server] CA certificate ca.pem is self signed.
2026-07-25T22:25:29.172491Z 0 [System] [MY-013602] [Server] Channel mysql_main configured to support TLS. Encrypted connections are now supported for this channel.
2026-07-25T22:25:29.174515Z 0 [ERROR] [MY-010262] [Server] Can't start server: Bind on TCP/IP port: Address already in use
2026-07-25T22:25:29.174545Z 0 [ERROR] [MY-010257] [Server] Do you already have another mysqld server running on port: 3306 ?
2026-07-25T22:25:29.174577Z 0 [ERROR] [MY-010119] [Server] Aborting
2026-07-25T22:25:30.345557Z 0 [System] [MY-010910] [Server] /opt/homebrew/opt/mysql/bin/mysqld: Shutdown complete (mysqld 9.7.1)  Homebrew.
2026-07-25T22:25:30.345708Z 0 [System] [MY-015016] [Server] MySQL Server - end.
2026-07-25T22:25:30.6NZ mysqld_safe mysqld from pid file /opt/homebrew/var/mysql/MacBook-Pro-Abdlh.local.pid ended
2026-07-25T22:25:37.6NZ mysqld_safe Logging to '/opt/homebrew/var/mysql/MacBook-Pro-Abdlh.local.err'.
2026-07-25T22:25:37.6NZ mysqld_safe Starting mysqld daemon with databases from /opt/homebrew/var/mysql
2026-07-25T22:25:37.650062Z 0 [System] [MY-015015] [Server] MySQL Server - start.
2026-07-25T22:25:37.861615Z 0 [System] [MY-010116] [Server] /opt/homebrew/opt/mysql/bin/mysqld (mysqld 9.7.1) starting as process 11047
2026-07-25T22:25:37.861625Z 0 [System] [MY-015603] [Server] MySQL Server has access to 8 logical CPUs.
2026-07-25T22:25:37.861632Z 0 [System] [MY-015603] [Server] MySQL Server has access to 8589934592 bytes of physical memory.
2026-07-25T22:25:37.865126Z 0 [Warning] [MY-010159] [Server] Setting lower_case_table_names=2 because file system for /opt/homebrew/var/mysql/ is case insensitive
2026-07-25T22:25:37.908431Z 1 [System] [MY-013576] [InnoDB] InnoDB initialization has started.
2026-07-25T22:25:38.017776Z 1 [System] [MY-013577] [InnoDB] InnoDB initialization has ended.
2026-07-25T22:25:38.314937Z 0 [Warning] [MY-010068] [Server] CA certificate ca.pem is self signed.
2026-07-25T22:25:38.315028Z 0 [System] [MY-013602] [Server] Channel mysql_main configured to support TLS. Encrypted connections are now supported for this channel.
2026-07-25T22:25:38.316733Z 0 [ERROR] [MY-010262] [Server] Can't start server: Bind on TCP/IP port: Address already in use
2026-07-25T22:25:38.316778Z 0 [ERROR] [MY-010257] [Server] Do you already have another mysqld server running on port: 3306 ?
2026-07-25T22:25:38.316827Z 0 [ERROR] [MY-010119] [Server] Aborting
2026-07-25T22:25:39.463773Z 0 [System] [MY-010910] [Server] /opt/homebrew/opt/mysql/bin/mysqld: Shutdown complete (mysqld 9.7.1)  Homebrew.
2026-07-25T22:25:39.463803Z 0 [System] [MY-015016] [Server] MySQL Server - end.
2026-07-25T22:25:39.6NZ mysqld_safe mysqld from pid file /opt/homebrew/var/mysql/MacBook-Pro-Abdlh.local.pid ended
2026-07-25T22:25:47.6NZ mysqld_safe Logging to '/opt/homebrew/var/mysql/MacBook-Pro-Abdlh.local.err'.
2026-07-25T22:25:47.6NZ mysqld_safe Starting mysqld daemon with databases from /opt/homebrew/var/mysql
2026-07-25T22:25:47.770588Z 0 [System] [MY-015015] [Server] MySQL Server - start.
2026-07-25T22:25:47.981140Z 0 [System] [MY-010116] [Server] /opt/homebrew/opt/mysql/bin/mysqld (mysqld 9.7.1) starting as process 11254
2026-07-25T22:25:47.981149Z 0 [System] [MY-015603] [Server] MySQL Server has access to 8 logical CPUs.
2026-07-25T22:25:47.981156Z 0 [System] [MY-015603] [Server] MySQL Server has access to 8589934592 bytes of physical memory.
2026-07-25T22:25:47.986051Z 0 [Warning] [MY-010159] [Server] Setting lower_case_table_names=2 because file system for /opt/homebrew/var/mysql/ is case insensitive
2026-07-25T22:25:47.995592Z 1 [System] [MY-013576] [InnoDB] InnoDB initialization has started.
2026-07-25T22:25:48.079221Z 1 [System] [MY-013577] [InnoDB] InnoDB initialization has ended.
2026-07-25T22:25:48.266532Z 0 [Warning] [MY-010068] [Server] CA certificate ca.pem is self signed.
2026-07-25T22:25:48.266558Z 0 [System] [MY-013602] [Server] Channel mysql_main configured to support TLS. Encrypted connections are now supported for this channel.
2026-07-25T22:25:48.267828Z 0 [ERROR] [MY-010262] [Server] Can't start server: Bind on TCP/IP port: Address already in use
2026-07-25T22:25:48.267846Z 0 [ERROR] [MY-010257] [Server] Do you already have another mysqld server running on port: 3306 ?
2026-07-25T22:25:48.267864Z 0 [ERROR] [MY-010119] [Server] Aborting
2026-07-25T22:25:49.377535Z 0 [System] [MY-010910] [Server] /opt/homebrew/opt/mysql/bin/mysqld: Shutdown complete (mysqld 9.7.1)  Homebrew.
2026-07-25T22:25:49.377584Z 0 [System] [MY-015016] [Server] MySQL Server - end.
2026-07-25T22:25:49.6NZ mysqld_safe mysqld from pid file /opt/homebrew/var/mysql/MacBook-Pro-Abdlh.local.pid ended
2026-07-25T22:25:58.6NZ mysqld_safe Logging to '/opt/homebrew/var/mysql/MacBook-Pro-Abdlh.local.err'.
2026-07-25T22:25:58.6NZ mysqld_safe Starting mysqld daemon with databases from /opt/homebrew/var/mysql
2026-07-25T22:25:58.778793Z 0 [System] [MY-015015] [Server] MySQL Server - start.
2026-07-25T22:25:59.012574Z 0 [System] [MY-010116] [Server] /opt/homebrew/opt/mysql/bin/mysqld (mysqld 9.7.1) starting as process 11450
2026-07-25T22:25:59.012784Z 0 [System] [MY-015603] [Server] MySQL Server has access to 8 logical CPUs.
2026-07-25T22:25:59.012792Z 0 [System] [MY-015603] [Server] MySQL Server has access to 8589934592 bytes of physical memory.
2026-07-25T22:25:59.021912Z 0 [Warning] [MY-010159] [Server] Setting lower_case_table_names=2 because file system for /opt/homebrew/var/mysql/ is case insensitive
2026-07-25T22:25:59.034610Z 1 [System] [MY-013576] [InnoDB] InnoDB initialization has started.
2026-07-25T22:25:59.153691Z 1 [System] [MY-013577] [InnoDB] InnoDB initialization has ended.
2026-07-25T22:25:59.364983Z 0 [Warning] [MY-010068] [Server] CA certificate ca.pem is self signed.
2026-07-25T22:25:59.365019Z 0 [System] [MY-013602] [Server] Channel mysql_main configured to support TLS. Encrypted connections are now supported for this channel.
2026-07-25T22:25:59.366485Z 0 [ERROR] [MY-010262] [Server] Can't start server: Bind on TCP/IP port: Address already in use
2026-07-25T22:25:59.366500Z 0 [ERROR] [MY-010257] [Server] Do you already have another mysqld server running on port: 3306 ?
2026-07-25T22:25:59.366525Z 0 [ERROR] [MY-010119] [Server] Aborting
2026-07-25T22:26:00.501913Z 0 [System] [MY-010910] [Server] /opt/homebrew/opt/mysql/bin/mysqld: Shutdown complete (mysqld 9.7.1)  Homebrew.
2026-07-25T22:26:00.501972Z 0 [System] [MY-015016] [Server] MySQL Server - end.
2026-07-25T22:26:00.6NZ mysqld_safe mysqld from pid file /opt/homebrew/var/mysql/MacBook-Pro-Abdlh.local.pid ended
2026-07-25T22:26:08.6NZ mysqld_safe Logging to '/opt/homebrew/var/mysql/MacBook-Pro-Abdlh.local.err'.
2026-07-25T22:26:08.6NZ mysqld_safe Starting mysqld daemon with databases from /opt/homebrew/var/mysql
2026-07-25T22:26:08.745298Z 0 [System] [MY-015015] [Server] MySQL Server - start.
2026-07-25T22:26:08.946935Z 0 [System] [MY-010116] [Server] /opt/homebrew/opt/mysql/bin/mysqld (mysqld 9.7.1) starting as process 11652
2026-07-25T22:26:08.947101Z 0 [System] [MY-015603] [Server] MySQL Server has access to 8 logical CPUs.
2026-07-25T22:26:08.947108Z 0 [System] [MY-015603] [Server] MySQL Server has access to 8589934592 bytes of physical memory.
2026-07-25T22:26:08.957488Z 0 [Warning] [MY-010159] [Server] Setting lower_case_table_names=2 because file system for /opt/homebrew/var/mysql/ is case insensitive
2026-07-25T22:26:08.982117Z 1 [System] [MY-013576] [InnoDB] InnoDB initialization has started.
2026-07-25T22:26:09.088318Z 1 [System] [MY-013577] [InnoDB] InnoDB initialization has ended.
2026-07-25T22:26:09.330286Z 0 [Warning] [MY-010068] [Server] CA certificate ca.pem is self signed.
2026-07-25T22:26:09.330318Z 0 [System] [MY-013602] [Server] Channel mysql_main configured to support TLS. Encrypted connections are now supported for this channel.
2026-07-25T22:26:09.331526Z 0 [ERROR] [MY-010262] [Server] Can't start server: Bind on TCP/IP port: Address already in use
2026-07-25T22:26:09.331540Z 0 [ERROR] [MY-010257] [Server] Do you already have another mysqld server running on port: 3306 ?
2026-07-25T22:26:09.331563Z 0 [ERROR] [MY-010119] [Server] Aborting
2026-07-25T22:26:10.435111Z 0 [System] [MY-010910] [Server] /opt/homebrew/opt/mysql/bin/mysqld: Shutdown complete (mysqld 9.7.1)  Homebrew.
2026-07-25T22:26:10.435171Z 0 [System] [MY-015016] [Server] MySQL Server - end.
2026-07-25T22:26:10.6NZ mysqld_safe mysqld from pid file /opt/homebrew/var/mysql/MacBook-Pro-Abdlh.local.pid ended
2026-07-26T03:22:06.6NZ mysqld_safe Logging to '/opt/homebrew/var/mysql/MacBook-Pro-Abdlh.local.err'.
2026-07-26T03:22:06.6NZ mysqld_safe Starting mysqld daemon with databases from /opt/homebrew/var/mysql
2026-07-26T03:22:08.074410Z 0 [System] [MY-015015] [Server] MySQL Server - start.
2026-07-26T03:22:08.444278Z 0 [System] [MY-010116] [Server] /opt/homebrew/opt/mysql/bin/mysqld (mysqld 9.7.1) starting as process 39140
2026-07-26T03:22:08.445173Z 0 [System] [MY-015603] [Server] MySQL Server has access to 8 logical CPUs.
2026-07-26T03:22:08.445181Z 0 [System] [MY-015603] [Server] MySQL Server has access to 8589934592 bytes of physical memory.
2026-07-26T03:22:08.463071Z 0 [Warning] [MY-010159] [Server] Setting lower_case_table_names=2 because file system for /opt/homebrew/var/mysql/ is case insensitive
2026-07-26T03:22:08.537614Z 1 [System] [MY-013576] [InnoDB] InnoDB initialization has started.
2026-07-26T03:22:08.707977Z 1 [System] [MY-013577] [InnoDB] InnoDB initialization has ended.
2026-07-26T03:22:09.019995Z 0 [Warning] [MY-010068] [Server] CA certificate ca.pem is self signed.
2026-07-26T03:22:09.020049Z 0 [System] [MY-013602] [Server] Channel mysql_main configured to support TLS. Encrypted connections are now supported for this channel.
2026-07-26T03:22:09.021978Z 0 [ERROR] [MY-010262] [Server] Can't start server: Bind on TCP/IP port: Address already in use
2026-07-26T03:22:09.021998Z 0 [ERROR] [MY-010257] [Server] Do you already have another mysqld server running on port: 3306 ?
2026-07-26T03:22:09.022032Z 0 [ERROR] [MY-010119] [Server] Aborting
2026-07-26T03:22:10.244193Z 0 [System] [MY-010910] [Server] /opt/homebrew/opt/mysql/bin/mysqld: Shutdown complete (mysqld 9.7.1)  Homebrew.
2026-07-26T03:22:10.244217Z 0 [System] [MY-015016] [Server] MySQL Server - end.
2026-07-26T03:22:10.6NZ mysqld_safe mysqld from pid file /opt/homebrew/var/mysql/MacBook-Pro-Abdlh.local.pid ended
2026-07-26T03:22:17.6NZ mysqld_safe Logging to '/opt/homebrew/var/mysql/MacBook-Pro-Abdlh.local.err'.
2026-07-26T03:22:17.6NZ mysqld_safe Starting mysqld daemon with databases from /opt/homebrew/var/mysql
2026-07-26T03:22:17.510686Z 0 [System] [MY-015015] [Server] MySQL Server - start.
2026-07-26T03:22:17.702001Z 0 [System] [MY-010116] [Server] /opt/homebrew/opt/mysql/bin/mysqld (mysqld 9.7.1) starting as process 39305
2026-07-26T03:22:17.702008Z 0 [System] [MY-015603] [Server] MySQL Server has access to 8 logical CPUs.
2026-07-26T03:22:17.702014Z 0 [System] [MY-015603] [Server] MySQL Server has access to 8589934592 bytes of physical memory.
2026-07-26T03:22:17.705537Z 0 [Warning] [MY-010159] [Server] Setting lower_case_table_names=2 because file system for /opt/homebrew/var/mysql/ is case insensitive
2026-07-26T03:22:17.715207Z 1 [System] [MY-013576] [InnoDB] InnoDB initialization has started.
2026-07-26T03:22:17.882281Z 1 [System] [MY-013577] [InnoDB] InnoDB initialization has ended.
2026-07-26T03:22:18.132294Z 0 [Warning] [MY-010068] [Server] CA certificate ca.pem is self signed.
2026-07-26T03:22:18.132331Z 0 [System] [MY-013602] [Server] Channel mysql_main configured to support TLS. Encrypted connections are now supported for this channel.
2026-07-26T03:22:18.133602Z 0 [ERROR] [MY-010262] [Server] Can't start server: Bind on TCP/IP port: Address already in use
2026-07-26T03:22:18.133619Z 0 [ERROR] [MY-010257] [Server] Do you already have another mysqld server running on port: 3306 ?
2026-07-26T03:22:18.133645Z 0 [ERROR] [MY-010119] [Server] Aborting
2026-07-26T03:22:19.254434Z 0 [System] [MY-010910] [Server] /opt/homebrew/opt/mysql/bin/mysqld: Shutdown complete (mysqld 9.7.1)  Homebrew.
2026-07-26T03:22:19.254481Z 0 [System] [MY-015016] [Server] MySQL Server - end.
2026-07-26T03:22:19.6NZ mysqld_safe mysqld from pid file /opt/homebrew/var/mysql/MacBook-Pro-Abdlh.local.pid ended
2026-07-26T03:22:27.6NZ mysqld_safe Logging to '/opt/homebrew/var/mysql/MacBook-Pro-Abdlh.local.err'.
2026-07-26T03:22:27.6NZ mysqld_safe Starting mysqld daemon with databases from /opt/homebrew/var/mysql
2026-07-26T03:22:27.524959Z 0 [System] [MY-015015] [Server] MySQL Server - start.
2026-07-26T03:22:27.730024Z 0 [System] [MY-010116] [Server] /opt/homebrew/opt/mysql/bin/mysqld (mysqld 9.7.1) starting as process 39476
2026-07-26T03:22:27.730033Z 0 [System] [MY-015603] [Server] MySQL Server has access to 8 logical CPUs.
2026-07-26T03:22:27.730040Z 0 [System] [MY-015603] [Server] MySQL Server has access to 8589934592 bytes of physical memory.
2026-07-26T03:22:27.734003Z 0 [Warning] [MY-010159] [Server] Setting lower_case_table_names=2 because file system for /opt/homebrew/var/mysql/ is case insensitive
2026-07-26T03:22:27.745204Z 1 [System] [MY-013576] [InnoDB] InnoDB initialization has started.
2026-07-26T03:22:27.840852Z 1 [System] [MY-013577] [InnoDB] InnoDB initialization has ended.
2026-07-26T03:22:28.044853Z 0 [Warning] [MY-010068] [Server] CA certificate ca.pem is self signed.
2026-07-26T03:22:28.044875Z 0 [System] [MY-013602] [Server] Channel mysql_main configured to support TLS. Encrypted connections are now supported for this channel.
2026-07-26T03:22:28.045837Z 0 [ERROR] [MY-010262] [Server] Can't start server: Bind on TCP/IP port: Address already in use
2026-07-26T03:22:28.045846Z 0 [ERROR] [MY-010257] [Server] Do you already have another mysqld server running on port: 3306 ?
2026-07-26T03:22:28.045865Z 0 [ERROR] [MY-010119] [Server] Aborting
2026-07-26T03:22:29.163926Z 0 [System] [MY-010910] [Server] /opt/homebrew/opt/mysql/bin/mysqld: Shutdown complete (mysqld 9.7.1)  Homebrew.
2026-07-26T03:22:29.163970Z 0 [System] [MY-015016] [Server] MySQL Server - end.
2026-07-26T03:22:29.6NZ mysqld_safe mysqld from pid file /opt/homebrew/var/mysql/MacBook-Pro-Abdlh.local.pid ended
2026-07-26T03:22:38.6NZ mysqld_safe Logging to '/opt/homebrew/var/mysql/MacBook-Pro-Abdlh.local.err'.
2026-07-26T03:22:38.6NZ mysqld_safe Starting mysqld daemon with databases from /opt/homebrew/var/mysql
2026-07-26T03:22:38.413532Z 0 [System] [MY-015015] [Server] MySQL Server - start.
2026-07-26T03:22:38.626832Z 0 [System] [MY-010116] [Server] /opt/homebrew/opt/mysql/bin/mysqld (mysqld 9.7.1) starting as process 39630
2026-07-26T03:22:38.627214Z 0 [System] [MY-015603] [Server] MySQL Server has access to 8 logical CPUs.
2026-07-26T03:22:38.627222Z 0 [System] [MY-015603] [Server] MySQL Server has access to 8589934592 bytes of physical memory.
2026-07-26T03:22:38.638674Z 0 [Warning] [MY-010159] [Server] Setting lower_case_table_names=2 because file system for /opt/homebrew/var/mysql/ is case insensitive
2026-07-26T03:22:38.674859Z 1 [System] [MY-013576] [InnoDB] InnoDB initialization has started.
2026-07-26T03:22:38.794595Z 1 [System] [MY-013577] [InnoDB] InnoDB initialization has ended.
2026-07-26T03:22:39.059817Z 0 [Warning] [MY-010068] [Server] CA certificate ca.pem is self signed.
2026-07-26T03:22:39.059852Z 0 [System] [MY-013602] [Server] Channel mysql_main configured to support TLS. Encrypted connections are now supported for this channel.
2026-07-26T03:22:39.061040Z 0 [ERROR] [MY-010262] [Server] Can't start server: Bind on TCP/IP port: Address already in use
2026-07-26T03:22:39.061058Z 0 [ERROR] [MY-010257] [Server] Do you already have another mysqld server running on port: 3306 ?
2026-07-26T03:22:39.061083Z 0 [ERROR] [MY-010119] [Server] Aborting
2026-07-26T03:22:40.156931Z 0 [System] [MY-010910] [Server] /opt/homebrew/opt/mysql/bin/mysqld: Shutdown complete (mysqld 9.7.1)  Homebrew.
2026-07-26T03:22:40.156988Z 0 [System] [MY-015016] [Server] MySQL Server - end.
2026-07-26T03:22:40.6NZ mysqld_safe mysqld from pid file /opt/homebrew/var/mysql/MacBook-Pro-Abdlh.local.pid ended
2026-07-26T03:22:49.6NZ mysqld_safe Logging to '/opt/homebrew/var/mysql/MacBook-Pro-Abdlh.local.err'.
2026-07-26T03:22:49.6NZ mysqld_safe Starting mysqld daemon with databases from /opt/homebrew/var/mysql
2026-07-26T03:22:49.474333Z 0 [System] [MY-015015] [Server] MySQL Server - start.
2026-07-26T03:22:49.662328Z 0 [System] [MY-010116] [Server] /opt/homebrew/opt/mysql/bin/mysqld (mysqld 9.7.1) starting as process 39811
2026-07-26T03:22:49.662676Z 0 [System] [MY-015603] [Server] MySQL Server has access to 8 logical CPUs.
2026-07-26T03:22:49.662683Z 0 [System] [MY-015603] [Server] MySQL Server has access to 8589934592 bytes of physical memory.
2026-07-26T03:22:49.673448Z 0 [Warning] [MY-010159] [Server] Setting lower_case_table_names=2 because file system for /opt/homebrew/var/mysql/ is case insensitive
2026-07-26T03:22:49.701998Z 1 [System] [MY-013576] [InnoDB] InnoDB initialization has started.
2026-07-26T03:22:49.806572Z 1 [System] [MY-013577] [InnoDB] InnoDB initialization has ended.
2026-07-26T03:22:50.074536Z 0 [Warning] [MY-010068] [Server] CA certificate ca.pem is self signed.
2026-07-26T03:22:50.074578Z 0 [System] [MY-013602] [Server] Channel mysql_main configured to support TLS. Encrypted connections are now supported for this channel.
2026-07-26T03:22:50.076164Z 0 [ERROR] [MY-010262] [Server] Can't start server: Bind on TCP/IP port: Address already in use
2026-07-26T03:22:50.076179Z 0 [ERROR] [MY-010257] [Server] Do you already have another mysqld server running on port: 3306 ?
2026-07-26T03:22:50.076206Z 0 [ERROR] [MY-010119] [Server] Aborting
2026-07-26T03:22:51.202146Z 0 [System] [MY-010910] [Server] /opt/homebrew/opt/mysql/bin/mysqld: Shutdown complete (mysqld 9.7.1)  Homebrew.
2026-07-26T03:22:51.202202Z 0 [System] [MY-015016] [Server] MySQL Server - end.
2026-07-26T03:22:51.6NZ mysqld_safe mysqld from pid file /opt/homebrew/var/mysql/MacBook-Pro-Abdlh.local.pid ended
2026-07-26T03:22:59.6NZ mysqld_safe Logging to '/opt/homebrew/var/mysql/MacBook-Pro-Abdlh.local.err'.
2026-07-26T03:22:59.6NZ mysqld_safe Starting mysqld daemon with databases from /opt/homebrew/var/mysql
2026-07-26T03:22:59.475327Z 0 [System] [MY-015015] [Server] MySQL Server - start.
2026-07-26T03:22:59.708811Z 0 [System] [MY-010116] [Server] /opt/homebrew/opt/mysql/bin/mysqld (mysqld 9.7.1) starting as process 39972
2026-07-26T03:22:59.709135Z 0 [System] [MY-015603] [Server] MySQL Server has access to 8 logical CPUs.
2026-07-26T03:22:59.709143Z 0 [System] [MY-015603] [Server] MySQL Server has access to 8589934592 bytes of physical memory.
2026-07-26T03:22:59.718238Z 0 [Warning] [MY-010159] [Server] Setting lower_case_table_names=2 because file system for /opt/homebrew/var/mysql/ is case insensitive
2026-07-26T03:22:59.746280Z 1 [System] [MY-013576] [InnoDB] InnoDB initialization has started.
2026-07-26T03:22:59.849606Z 1 [System] [MY-013577] [InnoDB] InnoDB initialization has ended.
2026-07-26T03:23:00.096665Z 0 [Warning] [MY-010068] [Server] CA certificate ca.pem is self signed.
2026-07-26T03:23:00.096733Z 0 [System] [MY-013602] [Server] Channel mysql_main configured to support TLS. Encrypted connections are now supported for this channel.
2026-07-26T03:23:00.099551Z 0 [ERROR] [MY-010262] [Server] Can't start server: Bind on TCP/IP port: Address already in use
2026-07-26T03:23:00.099571Z 0 [ERROR] [MY-010257] [Server] Do you already have another mysqld server running on port: 3306 ?
2026-07-26T03:23:00.099597Z 0 [ERROR] [MY-010119] [Server] Aborting
2026-07-26T03:23:01.175187Z 0 [System] [MY-010910] [Server] /opt/homebrew/opt/mysql/bin/mysqld: Shutdown complete (mysqld 9.7.1)  Homebrew.
2026-07-26T03:23:01.175232Z 0 [System] [MY-015016] [Server] MySQL Server - end.
2026-07-26T03:23:01.6NZ mysqld_safe mysqld from pid file /opt/homebrew/var/mysql/MacBook-Pro-Abdlh.local.pid ended
2026-07-26T03:23:10.6NZ mysqld_safe Logging to '/opt/homebrew/var/mysql/MacBook-Pro-Abdlh.local.err'.
2026-07-26T03:23:10.6NZ mysqld_safe Starting mysqld daemon with databases from /opt/homebrew/var/mysql
2026-07-26T03:23:10.436995Z 0 [System] [MY-015015] [Server] MySQL Server - start.
2026-07-26T03:23:10.633977Z 0 [System] [MY-010116] [Server] /opt/homebrew/opt/mysql/bin/mysqld (mysqld 9.7.1) starting as process 40138
2026-07-26T03:23:10.634347Z 0 [System] [MY-015603] [Server] MySQL Server has access to 8 logical CPUs.
2026-07-26T03:23:10.634354Z 0 [System] [MY-015603] [Server] MySQL Server has access to 8589934592 bytes of physical memory.
2026-07-26T03:23:10.647384Z 0 [Warning] [MY-010159] [Server] Setting lower_case_table_names=2 because file system for /opt/homebrew/var/mysql/ is case insensitive
2026-07-26T03:23:10.675044Z 1 [System] [MY-013576] [InnoDB] InnoDB initialization has started.
2026-07-26T03:23:10.911785Z 1 [System] [MY-013577] [InnoDB] InnoDB initialization has ended.
2026-07-26T03:23:11.136493Z 0 [Warning] [MY-010068] [Server] CA certificate ca.pem is self signed.
2026-07-26T03:23:11.136525Z 0 [System] [MY-013602] [Server] Channel mysql_main configured to support TLS. Encrypted connections are now supported for this channel.
2026-07-26T03:23:11.137791Z 0 [ERROR] [MY-010262] [Server] Can't start server: Bind on TCP/IP port: Address already in use
2026-07-26T03:23:11.137803Z 0 [ERROR] [MY-010257] [Server] Do you already have another mysqld server running on port: 3306 ?
2026-07-26T03:23:11.137825Z 0 [ERROR] [MY-010119] [Server] Aborting
2026-07-26T03:23:12.249316Z 0 [System] [MY-010910] [Server] /opt/homebrew/opt/mysql/bin/mysqld: Shutdown complete (mysqld 9.7.1)  Homebrew.
2026-07-26T03:23:12.249344Z 0 [System] [MY-015016] [Server] MySQL Server - end.
2026-07-26T03:23:12.6NZ mysqld_safe mysqld from pid file /opt/homebrew/var/mysql/MacBook-Pro-Abdlh.local.pid ended
2026-07-30T23:11:59.6NZ mysqld_safe Logging to '/opt/homebrew/var/mysql/MacBook-Pro-Abdlh.local.err'.
2026-07-30T23:11:59.6NZ mysqld_safe Starting mysqld daemon with databases from /opt/homebrew/var/mysql
2026-07-30T23:12:01.234958Z 0 [System] [MY-015015] [Server] MySQL Server - start.
2026-07-30T23:12:01.453183Z 0 [System] [MY-010116] [Server] /opt/homebrew/opt/mysql/bin/mysqld (mysqld 9.7.1) starting as process 30799
2026-07-30T23:12:01.453211Z 0 [System] [MY-015603] [Server] MySQL Server has access to 8 logical CPUs.
2026-07-30T23:12:01.453218Z 0 [System] [MY-015603] [Server] MySQL Server has access to 8589934592 bytes of physical memory.
2026-07-30T23:12:01.456852Z 0 [Warning] [MY-010159] [Server] Setting lower_case_table_names=2 because file system for /opt/homebrew/var/mysql/ is case insensitive
2026-07-30T23:12:01.478734Z 1 [System] [MY-013576] [InnoDB] InnoDB initialization has started.
2026-07-30T23:12:01.612627Z 1 [System] [MY-013577] [InnoDB] InnoDB initialization has ended.
2026-07-30T23:12:01.990584Z 0 [Warning] [MY-010068] [Server] CA certificate ca.pem is self signed.
2026-07-30T23:12:01.990635Z 0 [System] [MY-013602] [Server] Channel mysql_main configured to support TLS. Encrypted connections are now supported for this channel.
2026-07-30T23:12:01.992639Z 0 [ERROR] [MY-010262] [Server] Can't start server: Bind on TCP/IP port: Address already in use
2026-07-30T23:12:01.992663Z 0 [ERROR] [MY-010257] [Server] Do you already have another mysqld server running on port: 3306 ?
2026-07-30T23:12:01.992691Z 0 [ERROR] [MY-010119] [Server] Aborting
2026-07-30T23:12:03.104297Z 0 [System] [MY-010910] [Server] /opt/homebrew/opt/mysql/bin/mysqld: Shutdown complete (mysqld 9.7.1)  Homebrew.
2026-07-30T23:12:03.104341Z 0 [System] [MY-015016] [Server] MySQL Server - end.
2026-07-30T23:12:03.6NZ mysqld_safe mysqld from pid file /opt/homebrew/var/mysql/MacBook-Pro-Abdlh.local.pid ended
2026-07-30T23:12:10.6NZ mysqld_safe Logging to '/opt/homebrew/var/mysql/MacBook-Pro-Abdlh.local.err'.
2026-07-30T23:12:10.6NZ mysqld_safe Starting mysqld daemon with databases from /opt/homebrew/var/mysql
2026-07-30T23:12:10.492769Z 0 [System] [MY-015015] [Server] MySQL Server - start.
2026-07-30T23:12:10.706491Z 0 [System] [MY-010116] [Server] /opt/homebrew/opt/mysql/bin/mysqld (mysqld 9.7.1) starting as process 31033
2026-07-30T23:12:10.706500Z 0 [System] [MY-015603] [Server] MySQL Server has access to 8 logical CPUs.
2026-07-30T23:12:10.706507Z 0 [System] [MY-015603] [Server] MySQL Server has access to 8589934592 bytes of physical memory.
2026-07-30T23:12:10.709239Z 0 [Warning] [MY-010159] [Server] Setting lower_case_table_names=2 because file system for /opt/homebrew/var/mysql/ is case insensitive
2026-07-30T23:12:10.716733Z 1 [System] [MY-013576] [InnoDB] InnoDB initialization has started.
2026-07-30T23:12:11.375500Z 1 [System] [MY-013577] [InnoDB] InnoDB initialization has ended.
2026-07-30T23:12:11.657495Z 0 [Warning] [MY-010068] [Server] CA certificate ca.pem is self signed.
2026-07-30T23:12:11.657585Z 0 [System] [MY-013602] [Server] Channel mysql_main configured to support TLS. Encrypted connections are now supported for this channel.
2026-07-30T23:12:11.659439Z 0 [ERROR] [MY-010262] [Server] Can't start server: Bind on TCP/IP port: Address already in use
2026-07-30T23:12:11.659499Z 0 [ERROR] [MY-010257] [Server] Do you already have another mysqld server running on port: 3306 ?
2026-07-30T23:12:11.659538Z 0 [ERROR] [MY-010119] [Server] Aborting
2026-07-30T23:12:12.838024Z 0 [System] [MY-010910] [Server] /opt/homebrew/opt/mysql/bin/mysqld: Shutdown complete (mysqld 9.7.1)  Homebrew.
2026-07-30T23:12:12.838072Z 0 [System] [MY-015016] [Server] MySQL Server - end.
2026-07-30T23:12:12.6NZ mysqld_safe mysqld from pid file /opt/homebrew/var/mysql/MacBook-Pro-Abdlh.local.pid ended
2026-07-30T23:12:21.6NZ mysqld_safe Logging to '/opt/homebrew/var/mysql/MacBook-Pro-Abdlh.local.err'.
2026-07-30T23:12:21.6NZ mysqld_safe Starting mysqld daemon with databases from /opt/homebrew/var/mysql
2026-07-30T23:12:21.178137Z 0 [System] [MY-015015] [Server] MySQL Server - start.
2026-07-30T23:12:21.400853Z 0 [System] [MY-010116] [Server] /opt/homebrew/opt/mysql/bin/mysqld (mysqld 9.7.1) starting as process 31274
2026-07-30T23:12:21.400862Z 0 [System] [MY-015603] [Server] MySQL Server has access to 8 logical CPUs.
2026-07-30T23:12:21.400871Z 0 [System] [MY-015603] [Server] MySQL Server has access to 8589934592 bytes of physical memory.
2026-07-30T23:12:21.431181Z 0 [Warning] [MY-010159] [Server] Setting lower_case_table_names=2 because file system for /opt/homebrew/var/mysql/ is case insensitive
2026-07-30T23:12:21.442708Z 1 [System] [MY-013576] [InnoDB] InnoDB initialization has started.
2026-07-30T23:12:21.604060Z 1 [System] [MY-013577] [InnoDB] InnoDB initialization has ended.
2026-07-30T23:12:21.822876Z 0 [Warning] [MY-010068] [Server] CA certificate ca.pem is self signed.
2026-07-30T23:12:21.822909Z 0 [System] [MY-013602] [Server] Channel mysql_main configured to support TLS. Encrypted connections are now supported for this channel.
2026-07-30T23:12:21.824263Z 0 [ERROR] [MY-010262] [Server] Can't start server: Bind on TCP/IP port: Address already in use
2026-07-30T23:12:21.824277Z 0 [ERROR] [MY-010257] [Server] Do you already have another mysqld server running on port: 3306 ?
2026-07-30T23:12:21.824296Z 0 [ERROR] [MY-010119] [Server] Aborting
2026-07-30T23:12:22.937586Z 0 [System] [MY-010910] [Server] /opt/homebrew/opt/mysql/bin/mysqld: Shutdown complete (mysqld 9.7.1)  Homebrew.
2026-07-30T23:12:22.937607Z 0 [System] [MY-015016] [Server] MySQL Server - end.
2026-07-30T23:12:22.6NZ mysqld_safe mysqld from pid file /opt/homebrew/var/mysql/MacBook-Pro-Abdlh.local.pid ended
2026-07-30T23:12:31.6NZ mysqld_safe Logging to '/opt/homebrew/var/mysql/MacBook-Pro-Abdlh.local.err'.
2026-07-30T23:12:31.6NZ mysqld_safe Starting mysqld daemon with databases from /opt/homebrew/var/mysql
2026-07-30T23:12:31.369458Z 0 [System] [MY-015015] [Server] MySQL Server - start.
2026-07-30T23:12:31.582446Z 0 [System] [MY-010116] [Server] /opt/homebrew/opt/mysql/bin/mysqld (mysqld 9.7.1) starting as process 31519
2026-07-30T23:12:31.582618Z 0 [System] [MY-015603] [Server] MySQL Server has access to 8 logical CPUs.
2026-07-30T23:12:31.582624Z 0 [System] [MY-015603] [Server] MySQL Server has access to 8589934592 bytes of physical memory.
2026-07-30T23:12:31.588178Z 0 [Warning] [MY-010159] [Server] Setting lower_case_table_names=2 because file system for /opt/homebrew/var/mysql/ is case insensitive
2026-07-30T23:12:31.604016Z 1 [System] [MY-013576] [InnoDB] InnoDB initialization has started.
2026-07-30T23:12:31.739539Z 1 [System] [MY-013577] [InnoDB] InnoDB initialization has ended.
2026-07-30T23:12:31.981913Z 0 [Warning] [MY-010068] [Server] CA certificate ca.pem is self signed.
2026-07-30T23:12:31.981934Z 0 [System] [MY-013602] [Server] Channel mysql_main configured to support TLS. Encrypted connections are now supported for this channel.
2026-07-30T23:12:31.982731Z 0 [ERROR] [MY-010262] [Server] Can't start server: Bind on TCP/IP port: Address already in use
2026-07-30T23:12:31.982747Z 0 [ERROR] [MY-010257] [Server] Do you already have another mysqld server running on port: 3306 ?
2026-07-30T23:12:31.982761Z 0 [ERROR] [MY-010119] [Server] Aborting
2026-07-30T23:12:33.090440Z 0 [System] [MY-010910] [Server] /opt/homebrew/opt/mysql/bin/mysqld: Shutdown complete (mysqld 9.7.1)  Homebrew.
2026-07-30T23:12:33.090472Z 0 [System] [MY-015016] [Server] MySQL Server - end.
2026-07-30T23:12:33.6NZ mysqld_safe mysqld from pid file /opt/homebrew/var/mysql/MacBook-Pro-Abdlh.local.pid ended
2026-07-30T23:12:41.6NZ mysqld_safe Logging to '/opt/homebrew/var/mysql/MacBook-Pro-Abdlh.local.err'.
2026-07-30T23:12:41.6NZ mysqld_safe Starting mysqld daemon with databases from /opt/homebrew/var/mysql
2026-07-30T23:12:41.474454Z 0 [System] [MY-015015] [Server] MySQL Server - start.
2026-07-30T23:12:41.688338Z 0 [System] [MY-010116] [Server] /opt/homebrew/opt/mysql/bin/mysqld (mysqld 9.7.1) starting as process 31978
2026-07-30T23:12:41.688499Z 0 [System] [MY-015603] [Server] MySQL Server has access to 8 logical CPUs.
2026-07-30T23:12:41.688506Z 0 [System] [MY-015603] [Server] MySQL Server has access to 8589934592 bytes of physical memory.
2026-07-30T23:12:41.696019Z 0 [Warning] [MY-010159] [Server] Setting lower_case_table_names=2 because file system for /opt/homebrew/var/mysql/ is case insensitive
2026-07-30T23:12:41.716012Z 1 [System] [MY-013576] [InnoDB] InnoDB initialization has started.
2026-07-30T23:12:41.873870Z 1 [System] [MY-013577] [InnoDB] InnoDB initialization has ended.
2026-07-30T23:12:42.114299Z 0 [Warning] [MY-010068] [Server] CA certificate ca.pem is self signed.
2026-07-30T23:12:42.114331Z 0 [System] [MY-013602] [Server] Channel mysql_main configured to support TLS. Encrypted connections are now supported for this channel.
2026-07-30T23:12:42.115495Z 0 [ERROR] [MY-010262] [Server] Can't start server: Bind on TCP/IP port: Address already in use
2026-07-30T23:12:42.115509Z 0 [ERROR] [MY-010257] [Server] Do you already have another mysqld server running on port: 3306 ?
2026-07-30T23:12:42.115528Z 0 [ERROR] [MY-010119] [Server] Aborting
2026-07-30T23:12:43.207140Z 0 [System] [MY-010910] [Server] /opt/homebrew/opt/mysql/bin/mysqld: Shutdown complete (mysqld 9.7.1)  Homebrew.
2026-07-30T23:12:43.207169Z 0 [System] [MY-015016] [Server] MySQL Server - end.
2026-07-30T23:12:43.6NZ mysqld_safe mysqld from pid file /opt/homebrew/var/mysql/MacBook-Pro-Abdlh.local.pid ended
2026-07-30T23:12:51.6NZ mysqld_safe Logging to '/opt/homebrew/var/mysql/MacBook-Pro-Abdlh.local.err'.
2026-07-30T23:12:51.6NZ mysqld_safe Starting mysqld daemon with databases from /opt/homebrew/var/mysql
2026-07-30T23:12:51.466573Z 0 [System] [MY-015015] [Server] MySQL Server - start.
2026-07-30T23:12:51.664385Z 0 [System] [MY-010116] [Server] /opt/homebrew/opt/mysql/bin/mysqld (mysqld 9.7.1) starting as process 32188
2026-07-30T23:12:51.664393Z 0 [System] [MY-015603] [Server] MySQL Server has access to 8 logical CPUs.
2026-07-30T23:12:51.664400Z 0 [System] [MY-015603] [Server] MySQL Server has access to 8589934592 bytes of physical memory.
2026-07-30T23:12:51.667768Z 0 [Warning] [MY-010159] [Server] Setting lower_case_table_names=2 because file system for /opt/homebrew/var/mysql/ is case insensitive
2026-07-30T23:12:51.676233Z 1 [System] [MY-013576] [InnoDB] InnoDB initialization has started.
2026-07-30T23:12:51.788393Z 1 [System] [MY-013577] [InnoDB] InnoDB initialization has ended.
2026-07-30T23:12:51.978273Z 0 [Warning] [MY-010068] [Server] CA certificate ca.pem is self signed.
2026-07-30T23:12:51.978301Z 0 [System] [MY-013602] [Server] Channel mysql_main configured to support TLS. Encrypted connections are now supported for this channel.
2026-07-30T23:12:51.979195Z 0 [ERROR] [MY-010262] [Server] Can't start server: Bind on TCP/IP port: Address already in use
2026-07-30T23:12:51.979207Z 0 [ERROR] [MY-010257] [Server] Do you already have another mysqld server running on port: 3306 ?
2026-07-30T23:12:51.979222Z 0 [ERROR] [MY-010119] [Server] Aborting
2026-07-30T23:12:53.107569Z 0 [System] [MY-010910] [Server] /opt/homebrew/opt/mysql/bin/mysqld: Shutdown complete (mysqld 9.7.1)  Homebrew.
2026-07-30T23:12:53.107652Z 0 [System] [MY-015016] [Server] MySQL Server - end.
2026-07-30T23:12:53.6NZ mysqld_safe mysqld from pid file /opt/homebrew/var/mysql/MacBook-Pro-Abdlh.local.pid ended
2026-08-02T02:22:14.6NZ mysqld_safe Logging to '/opt/homebrew/var/mysql/MacBook-Pro-Abdlh.local.err'.
2026-08-02T02:22:14.6NZ mysqld_safe Starting mysqld daemon with databases from /opt/homebrew/var/mysql
2026-08-02T02:22:15.224061Z 0 [System] [MY-015015] [Server] MySQL Server - start.
2026-08-02T02:22:15.439418Z 0 [System] [MY-010116] [Server] /opt/homebrew/opt/mysql/bin/mysqld (mysqld 9.7.1) starting as process 14636
2026-08-02T02:22:15.439724Z 0 [System] [MY-015603] [Server] MySQL Server has access to 8 logical CPUs.
2026-08-02T02:22:15.439731Z 0 [System] [MY-015603] [Server] MySQL Server has access to 8589934592 bytes of physical memory.
2026-08-02T02:22:15.448464Z 0 [Warning] [MY-010159] [Server] Setting lower_case_table_names=2 because file system for /opt/homebrew/var/mysql/ is case insensitive
2026-08-02T02:22:15.483738Z 1 [System] [MY-013576] [InnoDB] InnoDB initialization has started.
2026-08-02T02:22:15.619647Z 1 [System] [MY-013577] [InnoDB] InnoDB initialization has ended.
2026-08-02T02:22:15.812239Z 0 [Warning] [MY-010068] [Server] CA certificate ca.pem is self signed.
2026-08-02T02:22:15.812265Z 0 [System] [MY-013602] [Server] Channel mysql_main configured to support TLS. Encrypted connections are now supported for this channel.
2026-08-02T02:22:15.813510Z 0 [ERROR] [MY-010262] [Server] Can't start server: Bind on TCP/IP port: Address already in use
2026-08-02T02:22:15.813520Z 0 [ERROR] [MY-010257] [Server] Do you already have another mysqld server running on port: 3306 ?
2026-08-02T02:22:15.813540Z 0 [ERROR] [MY-010119] [Server] Aborting
2026-08-02T02:22:16.944500Z 0 [System] [MY-010910] [Server] /opt/homebrew/opt/mysql/bin/mysqld: Shutdown complete (mysqld 9.7.1)  Homebrew.
2026-08-02T02:22:16.944540Z 0 [System] [MY-015016] [Server] MySQL Server - end.
2026-08-02T02:22:16.6NZ mysqld_safe mysqld from pid file /opt/homebrew/var/mysql/MacBook-Pro-Abdlh.local.pid ended
2026-08-02T02:22:24.6NZ mysqld_safe Logging to '/opt/homebrew/var/mysql/MacBook-Pro-Abdlh.local.err'.
2026-08-02T02:22:24.6NZ mysqld_safe Starting mysqld daemon with databases from /opt/homebrew/var/mysql
2026-08-02T02:22:24.202483Z 0 [System] [MY-015015] [Server] MySQL Server - start.
2026-08-02T02:22:24.370735Z 0 [System] [MY-010116] [Server] /opt/homebrew/opt/mysql/bin/mysqld (mysqld 9.7.1) starting as process 14798
2026-08-02T02:22:24.370744Z 0 [System] [MY-015603] [Server] MySQL Server has access to 8 logical CPUs.
2026-08-02T02:22:24.370753Z 0 [System] [MY-015603] [Server] MySQL Server has access to 8589934592 bytes of physical memory.
2026-08-02T02:22:24.374567Z 0 [Warning] [MY-010159] [Server] Setting lower_case_table_names=2 because file system for /opt/homebrew/var/mysql/ is case insensitive
2026-08-02T02:22:24.381602Z 1 [System] [MY-013576] [InnoDB] InnoDB initialization has started.
2026-08-02T02:22:24.464732Z 1 [System] [MY-013577] [InnoDB] InnoDB initialization has ended.
2026-08-02T02:22:24.657986Z 0 [Warning] [MY-010068] [Server] CA certificate ca.pem is self signed.
2026-08-02T02:22:24.658018Z 0 [System] [MY-013602] [Server] Channel mysql_main configured to support TLS. Encrypted connections are now supported for this channel.
2026-08-02T02:22:24.658948Z 0 [ERROR] [MY-010262] [Server] Can't start server: Bind on TCP/IP port: Address already in use
2026-08-02T02:22:24.658960Z 0 [ERROR] [MY-010257] [Server] Do you already have another mysqld server running on port: 3306 ?
2026-08-02T02:22:24.658978Z 0 [ERROR] [MY-010119] [Server] Aborting
2026-08-02T02:22:25.992502Z 0 [System] [MY-010910] [Server] /opt/homebrew/opt/mysql/bin/mysqld: Shutdown complete (mysqld 9.7.1)  Homebrew.
2026-08-02T02:22:25.992515Z 0 [System] [MY-015016] [Server] MySQL Server - end.
2026-08-02T02:22:26.6NZ mysqld_safe mysqld from pid file /opt/homebrew/var/mysql/MacBook-Pro-Abdlh.local.pid ended
2026-08-02T02:22:34.6NZ mysqld_safe Logging to '/opt/homebrew/var/mysql/MacBook-Pro-Abdlh.local.err'.
2026-08-02T02:22:34.6NZ mysqld_safe Starting mysqld daemon with databases from /opt/homebrew/var/mysql
2026-08-02T02:22:34.253898Z 0 [System] [MY-015015] [Server] MySQL Server - start.
2026-08-02T02:22:34.472643Z 0 [System] [MY-010116] [Server] /opt/homebrew/opt/mysql/bin/mysqld (mysqld 9.7.1) starting as process 14984
2026-08-02T02:22:34.472832Z 0 [System] [MY-015603] [Server] MySQL Server has access to 8 logical CPUs.
2026-08-02T02:22:34.472840Z 0 [System] [MY-015603] [Server] MySQL Server has access to 8589934592 bytes of physical memory.
2026-08-02T02:22:34.480773Z 0 [Warning] [MY-010159] [Server] Setting lower_case_table_names=2 because file system for /opt/homebrew/var/mysql/ is case insensitive
2026-08-02T02:22:34.497133Z 1 [System] [MY-013576] [InnoDB] InnoDB initialization has started.
2026-08-02T02:22:34.591570Z 1 [System] [MY-013577] [InnoDB] InnoDB initialization has ended.
2026-08-02T02:22:34.827446Z 0 [Warning] [MY-010068] [Server] CA certificate ca.pem is self signed.
2026-08-02T02:22:34.827517Z 0 [System] [MY-013602] [Server] Channel mysql_main configured to support TLS. Encrypted connections are now supported for this channel.
2026-08-02T02:22:34.830110Z 0 [ERROR] [MY-010262] [Server] Can't start server: Bind on TCP/IP port: Address already in use
2026-08-02T02:22:34.830129Z 0 [ERROR] [MY-010257] [Server] Do you already have another mysqld server running on port: 3306 ?
2026-08-02T02:22:34.830151Z 0 [ERROR] [MY-010119] [Server] Aborting
2026-08-02T02:22:35.944756Z 0 [System] [MY-010910] [Server] /opt/homebrew/opt/mysql/bin/mysqld: Shutdown complete (mysqld 9.7.1)  Homebrew.
2026-08-02T02:22:35.944781Z 0 [System] [MY-015016] [Server] MySQL Server - end.
2026-08-02T02:22:35.6NZ mysqld_safe mysqld from pid file /opt/homebrew/var/mysql/MacBook-Pro-Abdlh.local.pid ended
2026-08-02T02:22:45.6NZ mysqld_safe Logging to '/opt/homebrew/var/mysql/MacBook-Pro-Abdlh.local.err'.
2026-08-02T02:22:45.6NZ mysqld_safe Starting mysqld daemon with databases from /opt/homebrew/var/mysql
2026-08-02T02:22:45.172905Z 0 [System] [MY-015015] [Server] MySQL Server - start.
2026-08-02T02:22:45.369480Z 0 [System] [MY-010116] [Server] /opt/homebrew/opt/mysql/bin/mysqld (mysqld 9.7.1) starting as process 15165
2026-08-02T02:22:45.369489Z 0 [System] [MY-015603] [Server] MySQL Server has access to 8 logical CPUs.
2026-08-02T02:22:45.369495Z 0 [System] [MY-015603] [Server] MySQL Server has access to 8589934592 bytes of physical memory.
2026-08-02T02:22:45.373117Z 0 [Warning] [MY-010159] [Server] Setting lower_case_table_names=2 because file system for /opt/homebrew/var/mysql/ is case insensitive
2026-08-02T02:22:45.381944Z 1 [System] [MY-013576] [InnoDB] InnoDB initialization has started.
2026-08-02T02:22:45.475572Z 1 [System] [MY-013577] [InnoDB] InnoDB initialization has ended.
2026-08-02T02:22:45.649043Z 0 [Warning] [MY-010068] [Server] CA certificate ca.pem is self signed.
2026-08-02T02:22:45.649069Z 0 [System] [MY-013602] [Server] Channel mysql_main configured to support TLS. Encrypted connections are now supported for this channel.
2026-08-02T02:22:45.650037Z 0 [ERROR] [MY-010262] [Server] Can't start server: Bind on TCP/IP port: Address already in use
2026-08-02T02:22:45.650047Z 0 [ERROR] [MY-010257] [Server] Do you already have another mysqld server running on port: 3306 ?
2026-08-02T02:22:45.650065Z 0 [ERROR] [MY-010119] [Server] Aborting
2026-08-02T02:22:46.781621Z 0 [System] [MY-010910] [Server] /opt/homebrew/opt/mysql/bin/mysqld: Shutdown complete (mysqld 9.7.1)  Homebrew.
2026-08-02T02:22:46.781659Z 0 [System] [MY-015016] [Server] MySQL Server - end.
2026-08-02T02:22:46.6NZ mysqld_safe mysqld from pid file /opt/homebrew/var/mysql/MacBook-Pro-Abdlh.local.pid ended
2026-08-02T02:22:56.6NZ mysqld_safe Logging to '/opt/homebrew/var/mysql/MacBook-Pro-Abdlh.local.err'.
2026-08-02T02:22:56.6NZ mysqld_safe Starting mysqld daemon with databases from /opt/homebrew/var/mysql
2026-08-02T02:22:56.261071Z 0 [System] [MY-015015] [Server] MySQL Server - start.
2026-08-02T02:22:57.408568Z 0 [System] [MY-010116] [Server] /opt/homebrew/opt/mysql/bin/mysqld (mysqld 9.7.1) starting as process 15359
2026-08-02T02:22:57.461299Z 0 [System] [MY-015603] [Server] MySQL Server has access to 8 logical CPUs.
2026-08-02T02:22:57.461325Z 0 [System] [MY-015603] [Server] MySQL Server has access to 8589934592 bytes of physical memory.
2026-08-02T02:22:57.598962Z 0 [Warning] [MY-010159] [Server] Setting lower_case_table_names=2 because file system for /opt/homebrew/var/mysql/ is case insensitive
2026-08-02T02:22:57.681121Z 1 [System] [MY-013576] [InnoDB] InnoDB initialization has started.
2026-08-02T02:22:58.038580Z 1 [System] [MY-013577] [InnoDB] InnoDB initialization has ended.
2026-08-02T02:22:58.364889Z 0 [Warning] [MY-010068] [Server] CA certificate ca.pem is self signed.
2026-08-02T02:22:58.364951Z 0 [System] [MY-013602] [Server] Channel mysql_main configured to support TLS. Encrypted connections are now supported for this channel.
2026-08-02T02:22:58.367015Z 0 [ERROR] [MY-010262] [Server] Can't start server: Bind on TCP/IP port: Address already in use
2026-08-02T02:22:58.367047Z 0 [ERROR] [MY-010257] [Server] Do you already have another mysqld server running on port: 3306 ?
2026-08-02T02:22:58.367087Z 0 [ERROR] [MY-010119] [Server] Aborting
2026-08-02T02:22:59.638018Z 0 [System] [MY-010910] [Server] /opt/homebrew/opt/mysql/bin/mysqld: Shutdown complete (mysqld 9.7.1)  Homebrew.
2026-08-02T02:22:59.638040Z 0 [System] [MY-015016] [Server] MySQL Server - end.
2026-08-02T02:22:59.6NZ mysqld_safe mysqld from pid file /opt/homebrew/var/mysql/MacBook-Pro-Abdlh.local.pid ended
2026-08-02T02:23:07.6NZ mysqld_safe Logging to '/opt/homebrew/var/mysql/MacBook-Pro-Abdlh.local.err'.
2026-08-02T02:23:07.6NZ mysqld_safe Starting mysqld daemon with databases from /opt/homebrew/var/mysql
2026-08-02T02:23:08.582752Z 0 [System] [MY-015015] [Server] MySQL Server - start.
2026-08-02T02:23:08.851635Z 0 [System] [MY-010116] [Server] /opt/homebrew/opt/mysql/bin/mysqld (mysqld 9.7.1) starting as process 15541
2026-08-02T02:23:08.852128Z 0 [System] [MY-015603] [Server] MySQL Server has access to 8 logical CPUs.
2026-08-02T02:23:08.852137Z 0 [System] [MY-015603] [Server] MySQL Server has access to 8589934592 bytes of physical memory.
2026-08-02T02:23:08.886004Z 0 [Warning] [MY-010159] [Server] Setting lower_case_table_names=2 because file system for /opt/homebrew/var/mysql/ is case insensitive
2026-08-02T02:23:08.986579Z 1 [System] [MY-013576] [InnoDB] InnoDB initialization has started.
2026-08-02T02:23:10.323211Z 1 [System] [MY-013577] [InnoDB] InnoDB initialization has ended.
2026-08-02T02:23:11.267866Z 0 [Warning] [MY-010068] [Server] CA certificate ca.pem is self signed.
2026-08-02T02:23:11.267973Z 0 [System] [MY-013602] [Server] Channel mysql_main configured to support TLS. Encrypted connections are now supported for this channel.
2026-08-02T02:23:11.271276Z 0 [ERROR] [MY-010262] [Server] Can't start server: Bind on TCP/IP port: Address already in use
2026-08-02T02:23:11.271346Z 0 [ERROR] [MY-010257] [Server] Do you already have another mysqld server running on port: 3306 ?
2026-08-02T02:23:11.271403Z 0 [ERROR] [MY-010119] [Server] Aborting
2026-08-02T02:23:12.344925Z 0 [System] [MY-010910] [Server] /opt/homebrew/opt/mysql/bin/mysqld: Shutdown complete (mysqld 9.7.1)  Homebrew.
2026-08-02T02:23:12.344960Z 0 [System] [MY-015016] [Server] MySQL Server - end.
2026-08-02T02:23:12.6NZ mysqld_safe mysqld from pid file /opt/homebrew/var/mysql/MacBook-Pro-Abdlh.local.pid ended
2026-08-10T14:48:19.6NZ mysqld_safe Logging to '/opt/homebrew/var/mysql/MacBook-Pro-Abdlh.local.err'.
2026-08-10T14:48:20.6NZ mysqld_safe Starting mysqld daemon with databases from /opt/homebrew/var/mysql
2026-08-10T14:48:20.844187Z 0 [System] [MY-015015] [Server] MySQL Server - start.
2026-08-10T14:48:21.031661Z 0 [System] [MY-010116] [Server] /opt/homebrew/opt/mysql/bin/mysqld (mysqld 9.7.1) starting as process 62339
2026-08-10T14:48:21.031867Z 0 [System] [MY-015603] [Server] MySQL Server has access to 8 logical CPUs.
2026-08-10T14:48:21.031873Z 0 [System] [MY-015603] [Server] MySQL Server has access to 8589934592 bytes of physical memory.
2026-08-10T14:48:21.040719Z 0 [Warning] [MY-010159] [Server] Setting lower_case_table_names=2 because file system for /opt/homebrew/var/mysql/ is case insensitive
2026-08-10T14:48:21.071713Z 1 [System] [MY-013576] [InnoDB] InnoDB initialization has started.
2026-08-10T14:48:21.209436Z 1 [System] [MY-013577] [InnoDB] InnoDB initialization has ended.
2026-08-10T14:48:21.481769Z 0 [Warning] [MY-010068] [Server] CA certificate ca.pem is self signed.
2026-08-10T14:48:21.481809Z 0 [System] [MY-013602] [Server] Channel mysql_main configured to support TLS. Encrypted connections are now supported for this channel.
2026-08-10T14:48:21.483485Z 0 [ERROR] [MY-010262] [Server] Can't start server: Bind on TCP/IP port: Address already in use
2026-08-10T14:48:21.483499Z 0 [ERROR] [MY-010257] [Server] Do you already have another mysqld server running on port: 3306 ?
2026-08-10T14:48:21.483526Z 0 [ERROR] [MY-010119] [Server] Aborting
2026-08-10T14:48:22.621405Z 0 [System] [MY-010910] [Server] /opt/homebrew/opt/mysql/bin/mysqld: Shutdown complete (mysqld 9.7.1)  Homebrew.
2026-08-10T14:48:22.621427Z 0 [System] [MY-015016] [Server] MySQL Server - end.
2026-08-10T14:48:22.6NZ mysqld_safe mysqld from pid file /opt/homebrew/var/mysql/MacBook-Pro-Abdlh.local.pid ended
2026-08-10T14:48:30.6NZ mysqld_safe Logging to '/opt/homebrew/var/mysql/MacBook-Pro-Abdlh.local.err'.
2026-08-10T14:48:30.6NZ mysqld_safe Starting mysqld daemon with databases from /opt/homebrew/var/mysql
2026-08-10T14:48:31.917263Z 0 [System] [MY-015015] [Server] MySQL Server - start.
2026-08-10T14:48:32.108748Z 0 [System] [MY-010116] [Server] /opt/homebrew/opt/mysql/bin/mysqld (mysqld 9.7.1) starting as process 62585
2026-08-10T14:48:32.109655Z 0 [System] [MY-015603] [Server] MySQL Server has access to 8 logical CPUs.
2026-08-10T14:48:32.109662Z 0 [System] [MY-015603] [Server] MySQL Server has access to 8589934592 bytes of physical memory.
2026-08-10T14:48:32.129573Z 0 [Warning] [MY-010159] [Server] Setting lower_case_table_names=2 because file system for /opt/homebrew/var/mysql/ is case insensitive
2026-08-10T14:48:32.154646Z 1 [System] [MY-013576] [InnoDB] InnoDB initialization has started.
2026-08-10T14:48:32.272968Z 1 [System] [MY-013577] [InnoDB] InnoDB initialization has ended.
2026-08-10T14:48:32.600806Z 0 [Warning] [MY-010068] [Server] CA certificate ca.pem is self signed.
2026-08-10T14:48:32.600910Z 0 [System] [MY-013602] [Server] Channel mysql_main configured to support TLS. Encrypted connections are now supported for this channel.
2026-08-10T14:48:32.603711Z 0 [ERROR] [MY-010262] [Server] Can't start server: Bind on TCP/IP port: Address already in use
2026-08-10T14:48:32.603756Z 0 [ERROR] [MY-010257] [Server] Do you already have another mysqld server running on port: 3306 ?
2026-08-10T14:48:32.603799Z 0 [ERROR] [MY-010119] [Server] Aborting
2026-08-10T14:48:33.678791Z 0 [System] [MY-010910] [Server] /opt/homebrew/opt/mysql/bin/mysqld: Shutdown complete (mysqld 9.7.1)  Homebrew.
2026-08-10T14:48:33.678838Z 0 [System] [MY-015016] [Server] MySQL Server - end.
2026-08-10T14:48:33.6NZ mysqld_safe mysqld from pid file /opt/homebrew/var/mysql/MacBook-Pro-Abdlh.local.pid ended
2026-08-10T14:48:40.6NZ mysqld_safe Logging to '/opt/homebrew/var/mysql/MacBook-Pro-Abdlh.local.err'.
2026-08-10T14:48:40.6NZ mysqld_safe Starting mysqld daemon with databases from /opt/homebrew/var/mysql
2026-08-10T14:48:41.016156Z 0 [System] [MY-015015] [Server] MySQL Server - start.
2026-08-10T14:48:41.208598Z 0 [System] [MY-010116] [Server] /opt/homebrew/opt/mysql/bin/mysqld (mysqld 9.7.1) starting as process 62807
2026-08-10T14:48:41.208607Z 0 [System] [MY-015603] [Server] MySQL Server has access to 8 logical CPUs.
2026-08-10T14:48:41.208613Z 0 [System] [MY-015603] [Server] MySQL Server has access to 8589934592 bytes of physical memory.
2026-08-10T14:48:41.211333Z 0 [Warning] [MY-010159] [Server] Setting lower_case_table_names=2 because file system for /opt/homebrew/var/mysql/ is case insensitive
2026-08-10T14:48:41.223912Z 1 [System] [MY-013576] [InnoDB] InnoDB initialization has started.
2026-08-10T14:48:41.344591Z 1 [System] [MY-013577] [InnoDB] InnoDB initialization has ended.
2026-08-10T14:48:41.559712Z 0 [Warning] [MY-010068] [Server] CA certificate ca.pem is self signed.
2026-08-10T14:48:41.559739Z 0 [System] [MY-013602] [Server] Channel mysql_main configured to support TLS. Encrypted connections are now supported for this channel.
2026-08-10T14:48:41.560787Z 0 [ERROR] [MY-010262] [Server] Can't start server: Bind on TCP/IP port: Address already in use
2026-08-10T14:48:41.560796Z 0 [ERROR] [MY-010257] [Server] Do you already have another mysqld server running on port: 3306 ?
2026-08-10T14:48:41.560816Z 0 [ERROR] [MY-010119] [Server] Aborting
2026-08-10T14:48:42.761413Z 0 [System] [MY-010910] [Server] /opt/homebrew/opt/mysql/bin/mysqld: Shutdown complete (mysqld 9.7.1)  Homebrew.
2026-08-10T14:48:42.761465Z 0 [System] [MY-015016] [Server] MySQL Server - end.
2026-08-10T14:48:42.6NZ mysqld_safe mysqld from pid file /opt/homebrew/var/mysql/MacBook-Pro-Abdlh.local.pid ended
2026-08-10T14:48:50.6NZ mysqld_safe Logging to '/opt/homebrew/var/mysql/MacBook-Pro-Abdlh.local.err'.
2026-08-10T14:48:51.6NZ mysqld_safe Starting mysqld daemon with databases from /opt/homebrew/var/mysql
2026-08-10T14:48:51.766733Z 0 [System] [MY-015015] [Server] MySQL Server - start.
2026-08-10T14:48:51.962225Z 0 [System] [MY-010116] [Server] /opt/homebrew/opt/mysql/bin/mysqld (mysqld 9.7.1) starting as process 63039
2026-08-10T14:48:51.962794Z 0 [System] [MY-015603] [Server] MySQL Server has access to 8 logical CPUs.
2026-08-10T14:48:51.962804Z 0 [System] [MY-015603] [Server] MySQL Server has access to 8589934592 bytes of physical memory.
2026-08-10T14:48:51.971932Z 0 [Warning] [MY-010159] [Server] Setting lower_case_table_names=2 because file system for /opt/homebrew/var/mysql/ is case insensitive
2026-08-10T14:48:52.006426Z 1 [System] [MY-013576] [InnoDB] InnoDB initialization has started.
2026-08-10T14:48:52.101297Z 1 [System] [MY-013577] [InnoDB] InnoDB initialization has ended.
2026-08-10T14:48:52.367098Z 0 [Warning] [MY-010068] [Server] CA certificate ca.pem is self signed.
2026-08-10T14:48:52.367136Z 0 [System] [MY-013602] [Server] Channel mysql_main configured to support TLS. Encrypted connections are now supported for this channel.
2026-08-10T14:48:52.368735Z 0 [ERROR] [MY-010262] [Server] Can't start server: Bind on TCP/IP port: Address already in use
2026-08-10T14:48:52.368755Z 0 [ERROR] [MY-010257] [Server] Do you already have another mysqld server running on port: 3306 ?
2026-08-10T14:48:52.368779Z 0 [ERROR] [MY-010119] [Server] Aborting
2026-08-10T14:48:53.504763Z 0 [System] [MY-010910] [Server] /opt/homebrew/opt/mysql/bin/mysqld: Shutdown complete (mysqld 9.7.1)  Homebrew.
2026-08-10T14:48:53.504823Z 0 [System] [MY-015016] [Server] MySQL Server - end.
2026-08-10T14:48:53.6NZ mysqld_safe mysqld from pid file /opt/homebrew/var/mysql/MacBook-Pro-Abdlh.local.pid ended
2026-08-10T14:49:01.6NZ mysqld_safe Logging to '/opt/homebrew/var/mysql/MacBook-Pro-Abdlh.local.err'.
2026-08-10T14:49:01.6NZ mysqld_safe Starting mysqld daemon with databases from /opt/homebrew/var/mysql
2026-08-10T14:49:02.019661Z 0 [System] [MY-015015] [Server] MySQL Server - start.
2026-08-10T14:49:02.279110Z 0 [System] [MY-010116] [Server] /opt/homebrew/opt/mysql/bin/mysqld (mysqld 9.7.1) starting as process 63351
2026-08-10T14:49:02.279533Z 0 [System] [MY-015603] [Server] MySQL Server has access to 8 logical CPUs.
2026-08-10T14:49:02.279541Z 0 [System] [MY-015603] [Server] MySQL Server has access to 8589934592 bytes of physical memory.
2026-08-10T14:49:02.296479Z 0 [Warning] [MY-010159] [Server] Setting lower_case_table_names=2 because file system for /opt/homebrew/var/mysql/ is case insensitive
2026-08-10T14:49:02.323122Z 1 [System] [MY-013576] [InnoDB] InnoDB initialization has started.
2026-08-10T14:49:02.606689Z 1 [System] [MY-013577] [InnoDB] InnoDB initialization has ended.
2026-08-10T14:49:03.041187Z 0 [Warning] [MY-010068] [Server] CA certificate ca.pem is self signed.
2026-08-10T14:49:03.041332Z 0 [System] [MY-013602] [Server] Channel mysql_main configured to support TLS. Encrypted connections are now supported for this channel.
2026-08-10T14:49:03.044108Z 0 [ERROR] [MY-010262] [Server] Can't start server: Bind on TCP/IP port: Address already in use
2026-08-10T14:49:03.044171Z 0 [ERROR] [MY-010257] [Server] Do you already have another mysqld server running on port: 3306 ?
2026-08-10T14:49:03.044252Z 0 [ERROR] [MY-010119] [Server] Aborting
2026-08-10T14:49:04.185635Z 0 [System] [MY-010910] [Server] /opt/homebrew/opt/mysql/bin/mysqld: Shutdown complete (mysqld 9.7.1)  Homebrew.
2026-08-10T14:49:04.185691Z 0 [System] [MY-015016] [Server] MySQL Server - end.
2026-08-10T14:49:04.6NZ mysqld_safe mysqld from pid file /opt/homebrew/var/mysql/MacBook-Pro-Abdlh.local.pid ended
