2026-08-12T13:16:55.315189Z 0 [System] [MY-015015] [Server] MySQL Server - start.
2026-08-12T13:16:55.495625Z 0 [System] [MY-010116] [Server] /opt/homebrew/bin/mysqld (mysqld 9.7.1) starting as process 62650
2026-08-12T13:16:55.496044Z 0 [System] [MY-015603] [Server] MySQL Server has access to 8 logical CPUs.
2026-08-12T13:16:55.496051Z 0 [System] [MY-015603] [Server] MySQL Server has access to 8589934592 bytes of physical memory.
2026-08-12T13:16:55.503999Z 0 [Warning] [MY-010159] [Server] Setting lower_case_table_names=2 because file system for /Users/abdillah/sipena.apps/mysql-copy/ is case insensitive
2026-08-12T13:16:55Z UTC - mysqld got signal 11 ;
Signal SIGSEGV (Invalid permissions for mapped object) at address 0x0
Most likely, you have hit a bug, but this error can also be caused by malfunctioning hardware.
Thread pointer: 0x0
Attempting backtrace. You can use the following information to find out
where mysqld died. If you see no messages after this, something went
terribly wrong...
stack_bottom = 0 thread_stack 0x100000
0   mysqld                              0x0000000103baecd8 my_print_stacktrace(unsigned char const*, unsigned long) + 68
1   mysqld                              0x00000001033c3634 print_fatal_signal(int, __siginfo*) + 904
2   mysqld                              0x00000001033c3250 handle_fatal_signal(int, __siginfo*, void*) + 108
3   libsystem_platform.dylib            0x0000000186603744 _sigtramp + 56
4   mysqld                              0x00000001039fcee8 memory::Aligned_atomic<long>::Aligned_atomic() + 100
5   mysqld                              0x00000001039fce00 lock::Shared_spin_lock::Shared_spin_lock() + 36
6   mysqld                              0x00000001039f5be4 Delegate::Delegate(unsigned int) + 68
7   mysqld                              0x00000001039f6908 delegates_init() + 44
8   mysqld                              0x000000010312f500 init_server_components() + 1860
9   mysqld                              0x000000010312b9ac mysqld_main(int, char**) + 6012
10  dyld                                0x000000018623be00 start + 6992
The manual page at https://dev.mysql.com/doc/mysql/en/crashing.html contains
information that should help you find out what is causing the crash.
